Archive member included to satisfy reference by file (symbol)

D:/STM32CubeIDE_1.16.0/STM32CubeIDE/plugins/com.st.stm32cube.ide.mcu.externaltools.gnu-tools-for-stm32.12.3.rel1.win32_1.0.200.202406191623/tools/bin/../lib/gcc/arm-none-eabi/12.3.1/../../../../arm-none-eabi/lib/thumb/v7-m/nofp\libc_nano.a(libc_a-exit.o)
                              D:/STM32CubeIDE_1.16.0/STM32CubeIDE/plugins/com.st.stm32cube.ide.mcu.externaltools.gnu-tools-for-stm32.12.3.rel1.win32_1.0.200.202406191623/tools/bin/../lib/gcc/arm-none-eabi/12.3.1/../../../../arm-none-eabi/lib/thumb/v7-m/nofp/crt0.o (exit)
D:/STM32CubeIDE_1.16.0/STM32CubeIDE/plugins/com.st.stm32cube.ide.mcu.externaltools.gnu-tools-for-stm32.12.3.rel1.win32_1.0.200.202406191623/tools/bin/../lib/gcc/arm-none-eabi/12.3.1/../../../../arm-none-eabi/lib/thumb/v7-m/nofp\libc_nano.a(libc_a-findfp.o)
                              D:/STM32CubeIDE_1.16.0/STM32CubeIDE/plugins/com.st.stm32cube.ide.mcu.externaltools.gnu-tools-for-stm32.12.3.rel1.win32_1.0.200.202406191623/tools/bin/../lib/gcc/arm-none-eabi/12.3.1/../../../../arm-none-eabi/lib/thumb/v7-m/nofp\libc_nano.a(libc_a-exit.o) (__stdio_exit_handler)
D:/STM32CubeIDE_1.16.0/STM32CubeIDE/plugins/com.st.stm32cube.ide.mcu.externaltools.gnu-tools-for-stm32.12.3.rel1.win32_1.0.200.202406191623/tools/bin/../lib/gcc/arm-none-eabi/12.3.1/../../../../arm-none-eabi/lib/thumb/v7-m/nofp\libc_nano.a(libc_a-fwalk.o)
                              D:/STM32CubeIDE_1.16.0/STM32CubeIDE/plugins/com.st.stm32cube.ide.mcu.externaltools.gnu-tools-for-stm32.12.3.rel1.win32_1.0.200.202406191623/tools/bin/../lib/gcc/arm-none-eabi/12.3.1/../../../../arm-none-eabi/lib/thumb/v7-m/nofp\libc_nano.a(libc_a-findfp.o) (_fwalk_sglue)
D:/STM32CubeIDE_1.16.0/STM32CubeIDE/plugins/com.st.stm32cube.ide.mcu.externaltools.gnu-tools-for-stm32.12.3.rel1.win32_1.0.200.202406191623/tools/bin/../lib/gcc/arm-none-eabi/12.3.1/../../../../arm-none-eabi/lib/thumb/v7-m/nofp\libc_nano.a(libc_a-stdio.o)
                              D:/STM32CubeIDE_1.16.0/STM32CubeIDE/plugins/com.st.stm32cube.ide.mcu.externaltools.gnu-tools-for-stm32.12.3.rel1.win32_1.0.200.202406191623/tools/bin/../lib/gcc/arm-none-eabi/12.3.1/../../../../arm-none-eabi/lib/thumb/v7-m/nofp\libc_nano.a(libc_a-findfp.o) (__sread)
D:/STM32CubeIDE_1.16.0/STM32CubeIDE/plugins/com.st.stm32cube.ide.mcu.externaltools.gnu-tools-for-stm32.12.3.rel1.win32_1.0.200.202406191623/tools/bin/../lib/gcc/arm-none-eabi/12.3.1/../../../../arm-none-eabi/lib/thumb/v7-m/nofp\libc_nano.a(libc_a-memset.o)
                              D:/STM32CubeIDE_1.16.0/STM32CubeIDE/plugins/com.st.stm32cube.ide.mcu.externaltools.gnu-tools-for-stm32.12.3.rel1.win32_1.0.200.202406191623/tools/bin/../lib/gcc/arm-none-eabi/12.3.1/../../../../arm-none-eabi/lib/thumb/v7-m/nofp/crt0.o (memset)
D:/STM32CubeIDE_1.16.0/STM32CubeIDE/plugins/com.st.stm32cube.ide.mcu.externaltools.gnu-tools-for-stm32.12.3.rel1.win32_1.0.200.202406191623/tools/bin/../lib/gcc/arm-none-eabi/12.3.1/../../../../arm-none-eabi/lib/thumb/v7-m/nofp\libc_nano.a(libc_a-closer.o)
                              D:/STM32CubeIDE_1.16.0/STM32CubeIDE/plugins/com.st.stm32cube.ide.mcu.externaltools.gnu-tools-for-stm32.12.3.rel1.win32_1.0.200.202406191623/tools/bin/../lib/gcc/arm-none-eabi/12.3.1/../../../../arm-none-eabi/lib/thumb/v7-m/nofp\libc_nano.a(libc_a-stdio.o) (_close_r)
D:/STM32CubeIDE_1.16.0/STM32CubeIDE/plugins/com.st.stm32cube.ide.mcu.externaltools.gnu-tools-for-stm32.12.3.rel1.win32_1.0.200.202406191623/tools/bin/../lib/gcc/arm-none-eabi/12.3.1/../../../../arm-none-eabi/lib/thumb/v7-m/nofp\libc_nano.a(libc_a-reent.o)
                              D:/STM32CubeIDE_1.16.0/STM32CubeIDE/plugins/com.st.stm32cube.ide.mcu.externaltools.gnu-tools-for-stm32.12.3.rel1.win32_1.0.200.202406191623/tools/bin/../lib/gcc/arm-none-eabi/12.3.1/../../../../arm-none-eabi/lib/thumb/v7-m/nofp\libc_nano.a(libc_a-closer.o) (errno)
D:/STM32CubeIDE_1.16.0/STM32CubeIDE/plugins/com.st.stm32cube.ide.mcu.externaltools.gnu-tools-for-stm32.12.3.rel1.win32_1.0.200.202406191623/tools/bin/../lib/gcc/arm-none-eabi/12.3.1/../../../../arm-none-eabi/lib/thumb/v7-m/nofp\libc_nano.a(libc_a-impure.o)
                              D:/STM32CubeIDE_1.16.0/STM32CubeIDE/plugins/com.st.stm32cube.ide.mcu.externaltools.gnu-tools-for-stm32.12.3.rel1.win32_1.0.200.202406191623/tools/bin/../lib/gcc/arm-none-eabi/12.3.1/../../../../arm-none-eabi/lib/thumb/v7-m/nofp\libc_nano.a(libc_a-reent.o) (_impure_ptr)
D:/STM32CubeIDE_1.16.0/STM32CubeIDE/plugins/com.st.stm32cube.ide.mcu.externaltools.gnu-tools-for-stm32.12.3.rel1.win32_1.0.200.202406191623/tools/bin/../lib/gcc/arm-none-eabi/12.3.1/../../../../arm-none-eabi/lib/thumb/v7-m/nofp\libc_nano.a(libc_a-lseekr.o)
[...]
Memory Configuration

Name             Origin             Length             Attributes
RAM              0x20000000         0x00005000         xrw
FLASH            0x08000000         0x00010000         xr
*default*        0x00000000         0xffffffff

Linker script and memory map

LOAD D:/STM32CubeIDE_1.16.0/STM32CubeIDE/plugins/com.st.stm32cube.ide.mcu.externaltools.gnu-tools-for-stm32.12.3.rel1.win32_1.0.200.202406191623/tools/bin/../lib/gcc/arm-none-eabi/12.3.1/thumb/v7-m/nofp/crti.o
LOAD D:/STM32CubeIDE_1.16.0/STM32CubeIDE/plugins/com.st.stm32cube.ide.mcu.externaltools.gnu-tools-for-stm32.12.3.rel1.win32_1.0.200.202406191623/tools/bin/../lib/gcc/arm-none-eabi/12.3.1/thumb/v7-m/nofp/crtbegin.o
LOAD D:/STM32CubeIDE_1.16.0/STM32CubeIDE/plugins/com.st.stm32cube.ide.mcu.externaltools.gnu-tools-for-stm32.12.3.rel1.win32_1.0.200.202406191623/tools/bin/../lib/gcc/arm-none-eabi/12.3.1/../../../../arm-none-eabi/lib/thumb/v7-m/nofp/crt0.o
LOAD ./Src/ADC.o
LOAD ./Src/Clock.o
LOAD ./Src/I2C.o
LOAD ./Src/NVIC.o
LOAD ./Src/Oled.o
LOAD ./Src/gpio.o
LOAD ./Src/main.o
LOAD ./Src/timer.o
LOAD ./Startup/startup_stm32f103c8tx.o
START GROUP
LOAD D:/STM32CubeIDE_1.16.0/STM32CubeIDE/plugins/com.st.stm32cube.ide.mcu.externaltools.gnu-tools-for-stm32.12.3.rel1.win32_1.0.200.202406191623/tools/bin/../lib/gcc/arm-none-eabi/12.3.1/../../../../arm-none-eabi/lib/thumb/v7-m/nofp\libc_nano.a
LOAD D:/STM32CubeIDE_1.16.0/STM32CubeIDE/plugins/com.st.stm32cube.ide.mcu.externaltools.gnu-tools-for-stm32.12.3.rel1.win32_1.0.200.202406191623/tools/bin/../lib/gcc/arm-none-eabi/12.3.1/../../../../arm-none-eabi/lib/thumb/v7-m/nofp\libm.a
END GROUP
START GROUP
LOAD D:/STM32CubeIDE_1.16.0/STM32CubeIDE/plugins/com.st.stm32cube.ide.mcu.externaltools.gnu-tools-for-stm32.12.3.rel1.win32_1.0.200.202406191623/tools/bin/../lib/gcc/arm-none-eabi/12.3.1/thumb/v7-m/nofp\libgcc.a
LOAD D:/STM32CubeIDE_1.16.0/STM32CubeIDE/plugins/com.st.stm32cube.ide.mcu.externaltools.gnu-tools-for-stm32.12.3.rel1.win32_1.0.200.202406191623/tools/bin/../lib/gcc/arm-none-eabi/12.3.1/../../../../arm-none-eabi/lib/thumb/v7-m/nofp\libc_nano.a
END GROUP
START GROUP
LOAD D:/STM32CubeIDE_1.16.0/STM32CubeIDE/plugins/com.st.stm32cube.ide.mcu.externaltools.gnu-tools-for-stm32.12.3.rel1.win32_1.0.200.202406191623/tools/bin/../lib/gcc/arm-none-eabi/12.3.1/thumb/v7-m/nofp\libgcc.a
LOAD D:/STM32CubeIDE_1.16.0/STM32CubeIDE/plugins/com.st.stm32cube.ide.mcu.externaltools.gnu-tools-for-stm32.12.3.rel1.win32_1.0.200.202406191623/tools/bin/../lib/gcc/arm-none-eabi/12.3.1/../../../../arm-none-eabi/lib/thumb/v7-m/nofp\libc_nano.a
LOAD D:/STM32CubeIDE_1.16.0/STM32CubeIDE/plugins/com.st.stm32cube.ide.mcu.externaltools.gnu-tools-for-stm32.12.3.rel1.win32_1.0.200.202406191623/tools/bin/../lib/gcc/arm-none-eabi/12.3.1/../../../../arm-none-eabi/lib/thumb/v7-m/nofp\libnosys.a
END GROUP
START GROUP
LOAD D:/STM32CubeIDE_1.16.0/STM32CubeIDE/plugins/com.st.stm32cube.ide.mcu.externaltools.gnu-tools-for-stm32.12.3.rel1.win32_1.0.200.202406191623/tools/bin/../lib/gcc/arm-none-eabi/12.3.1/thumb/v7-m/nofp\libgcc.a
LOAD D:/STM32CubeIDE_1.16.0/STM32CubeIDE/plugins/com.st.stm32cube.ide.mcu.externaltools.gnu-tools-for-stm32.12.3.rel1.win32_1.0.200.202406191623/tools/bin/../lib/gcc/arm-none-eabi/12.3.1/../../../../arm-none-eabi/lib/thumb/v7-m/nofp\libc_nano.a
LOAD D:/STM32CubeIDE_1.16.0/STM32CubeIDE/plugins/com.st.stm32cube.ide.mcu.externaltools.gnu-tools-for-stm32.12.3.rel1.win32_1.0.200.202406191623/tools/bin/../lib/gcc/arm-none-eabi/12.3.1/../../../../arm-none-eabi/lib/thumb/v7-m/nofp\libnosys.a
END GROUP
LOAD D:/STM32CubeIDE_1.16.0/STM32CubeIDE/plugins/com.st.stm32cube.ide.mcu.externaltools.gnu-tools-for-stm32.12.3.rel1.win32_1.0.200.202406191623/tools/bin/../lib/gcc/arm-none-eabi/12.3.1/thumb/v7-m/nofp/crtend.o
LOAD D:/STM32CubeIDE_1.16.0/STM32CubeIDE/plugins/com.st.stm32cube.ide.mcu.externaltools.gnu-tools-for-stm32.12.3.rel1.win32_1.0.200.202406191623/tools/bin/../lib/gcc/arm-none-eabi/12.3.1/thumb/v7-m/nofp/crtn.o
                0x20005000                        _estack = (ORIGIN (RAM) + LENGTH (RAM))
                0x00000200                        _Min_Heap_Size = 0x200
                0x00000400                        _Min_Stack_Size = 0x400

.isr_vector     0x08000000      0x130
                0x08000000                        . = ALIGN (0x4)
 *(.isr_vector)
 .isr_vector    0x08000000      0x130 ./Startup/startup_stm32f103c8tx.o
                0x08000000                g_pfnVectors
                0x08000130                        . = ALIGN (0x4)

.text           0x08000130     0x17a4
                0x08000130                        . = ALIGN (0x4)
 *(.text)
 .text          0x08000130       0x40 D:/STM32CubeIDE_1.16.0/STM32CubeIDE/plugins/com.st.stm32cube.ide.mcu.externaltools.gnu-tools-for-stm32.12.3.rel1.win32_1.0.200.202406191623/tools/bin/../lib/gcc/arm-none-eabi/12.3.1/thumb/v7-m/nofp/crtbegin.o
 .text          0x08000170      0x378 D:/STM32CubeIDE_1.16.0/STM32CubeIDE/plugins/com.st.stm32cube.ide.mcu.externaltools.gnu-tools-for-stm32.12.3.rel1.win32_1.0.200.202406191623/tools/bin/../lib/gcc/arm-none-eabi/12.3.1/thumb/v7-m/nofp\libgcc.a(_arm_addsubdf3.o)
                0x08000170                __aeabi_drsub
                0x08000178                __aeabi_dsub
                0x08000178                __subdf3
                0x0800017c                __aeabi_dadd
                0x0800017c                __adddf3
                0x080003f4                __floatunsidf
                0x080003f4                __aeabi_ui2d
                0x08000414                __floatsidf
                0x08000414                __aeabi_i2d
                0x08000438                __aeabi_f2d
                0x08000438                __extendsfdf2
                0x0800047c                __floatundidf
                0x0800047c                __aeabi_ul2d
                0x0800048c                __floatdidf
                0x0800048c                __aeabi_l2d
 .text          0x080004e8      0x424 D:/STM32CubeIDE_1.16.0/STM32CubeIDE/plugins/com.st.stm32cube.ide.mcu.externaltools.gnu-tools-for-stm32.12.3.rel1.win32_1.0.200.202406191623/tools/bin/../lib/gcc/arm-none-eabi/12.3.1/thumb/v7-m/nofp\libgcc.a(_arm_muldivdf3.o)
                0x080004e8                __aeabi_dmul
                0x080004e8                __muldf3
                0x0800073c                __divdf3
                0x0800073c                __aeabi_ddiv
 .text          0x0800090c       0x50 D:/STM32CubeIDE_1.16.0/STM32CubeIDE/plugins/com.st.stm32cube.ide.mcu.externaltools.gnu-tools-for-stm32.12.3.rel1.win32_1.0.200.202406191623/tools/bin/../lib/gcc/arm-none-eabi/12.3.1/thumb/v7-m/nofp\libgcc.a(_arm_fixdfsi.o)
                0x0800090c                __aeabi_d2iz
                0x0800090c                __fixdfsi
 .text          0x0800095c       0x40 D:/STM32CubeIDE_1.16.0/STM32CubeIDE/plugins/com.st.stm32cube.ide.mcu.externaltools.gnu-tools-for-stm32.12.3.rel1.win32_1.0.200.202406191623/tools/bin/../lib/gcc/arm-none-eabi/12.3.1/thumb/v7-m/nofp\libgcc.a(_arm_fixunsdfsi.o)
                0x0800095c                __aeabi_d2uiz
                0x0800095c                __fixunsdfsi
 *(.text*)
 .text.ADC_ClockConfig
                0x0800099c       0xb0 ./Src/ADC.o
                0x0800099c                ADC_ClockConfig
 .text.ADC_Config
                0x08000a4c       0x8e ./Src/ADC.o
                0x08000a4c                ADC_Config
 .text.ADC_Start
                0x08000ada       0x4e ./Src/ADC.o
                0x08000ada                ADC_Start
 .text.ADC_GetValue
                0x08000b28       0x28 ./Src/ADC.o
                0x08000b28                ADC_GetValue
 .text.i2c_init
                0x08000b50       0xf8 ./Src/I2C.o
                0x08000b50                i2c_init
 .text.i2c_start
                0x08000c48       0x44 ./Src/I2C.o
                0x08000c48                i2c_start
 .text.i2c_add  0x08000c8c       0x8c ./Src/I2C.o
                0x08000c8c                i2c_add
 .text.i2c_data
                0x08000d18       0x82 ./Src/I2C.o
                0x08000d18                i2c_data
 .text.i2c_stop
                0x08000d9a       0x2a ./Src/I2C.o
                0x08000d9a                i2c_stop
 .text.NVIC_EnableIRQ
                0x08000dc4       0x38 ./Src/NVIC.o
                0x08000dc4                NVIC_EnableIRQ
 .text.NVIC_SetPriority
                0x08000dfc       0x38 ./Src/NVIC.o
                0x08000dfc                NVIC_SetPriority
 .text.oled_cmd_1byte
                0x08000e34       0x3c ./Src/Oled.o
                0x08000e34                oled_cmd_1byte
 .text.oled_cmd_2byte
                0x08000e70       0x4a ./Src/Oled.o
                0x08000e70                oled_cmd_2byte
 .text.oled_init
                0x08000eba       0xca ./Src/Oled.o
                0x08000eba                oled_init
 .text.oled_init_64
                0x08000f84       0x38 ./Src/Oled.o
                0x08000f84                oled_init_64
 .text.oled_data
                0x08000fbc       0x3c ./Src/Oled.o
                0x08000fbc                oled_data
 .text.oled_pos
                0x08000ff8       0x48 ./Src/Oled.o
                0x08000ff8                oled_pos
 .text.oled_clear
                0x08001040       0x50 ./Src/Oled.o
                0x08001040                oled_clear
 .text.oled_msg
                0x08001090       0x68 ./Src/Oled.o
                0x08001090                oled_msg
 .text.oled_print
                0x080010f8       0xaa ./Src/Oled.o
                0x080010f8                oled_print
 *fill*         0x080011a2        0x2 
 .text.int_to_string
                0x080011a4       0xf8 ./Src/Oled.o
                0x080011a4                int_to_string
 .text.double_to_string
                0x0800129c       0xe8 ./Src/Oled.o
                0x0800129c                double_to_string
 .text.GPIO_ClockEnable
                0x08001384       0x98 ./Src/gpio.o
                0x08001384                GPIO_ClockEnable
 .text.GPIO_Init
                0x0800141c       0x88 ./Src/gpio.o
                0x0800141c                GPIO_Init
 .text.GPIO_WriteOutputPin
                0x080014a4       0x44 ./Src/gpio.o
                0x080014a4                GPIO_WriteOutputPin
 .text.delay    0x080014e8       0x20 ./Src/main.o
                0x080014e8                delay
 .text.Convert_ADC
                0x08001508       0xc8 ./Src/main.o
                0x08001508                Convert_ADC
 .text.main     0x080015d0       0x80 ./Src/main.o
                0x080015d0                main
 .text.TIM2_IRQHandler
                0x08001650       0xc0 ./Src/main.o
                0x08001650                TIM2_IRQHandler
 .text.TIM_ClockEnable
                0x08001710       0x78 ./Src/timer.o
                0x08001710                TIM_ClockEnable
 .text.TIM_Config
                0x08001788       0x6c ./Src/timer.o
                0x08001788                TIM_Config
 .text.TIM_Base_Start_IT
                0x080017f4       0x2a ./Src/timer.o
                0x080017f4                TIM_Base_Start_IT
 *fill*         0x0800181e        0x2 
 .text.Reset_Handler
                0x08001820       0x50 ./Startup/startup_stm32f103c8tx.o
                0x08001820                Reset_Handler
 .text.Default_Handler
                0x08001870        0x2 ./Startup/startup_stm32f103c8tx.o
                0x08001870                EXTI2_IRQHandler
                0x08001870                TIM8_TRG_COM_IRQHandler
                0x08001870                TIM8_CC_IRQHandler
                0x08001870                DebugMon_Handler
                0x08001870                TIM1_CC_IRQHandler
                0x08001870                HardFault_Handler
                0x08001870                TIM6_IRQHandler
                0x08001870                SysTick_Handler
                0x08001870                PVD_IRQHandler
                0x08001870                SDIO_IRQHandler
                0x08001870                PendSV_Handler
                0x08001870                NMI_Handler
                0x08001870                EXTI3_IRQHandler
                0x08001870                USB_HP_CAN_TX_IRQHandler
                0x08001870                EXTI0_IRQHandler
                0x08001870                I2C2_EV_IRQHandler
                0x08001870                UsageFault_Handler
                0x08001870                ADC1_2_IRQHandler
                0x08001870                SPI1_IRQHandler
                0x08001870                CAN_SCE_IRQHandler
                0x08001870                TAMPER_IRQHandler
                0x08001870                TIM8_UP_IRQHandler
                0x08001870                DMA2_Channel2_IRQHandler
                0x08001870                DMA1_Channel4_IRQHandler
                0x08001870                USART3_IRQHandler
                0x08001870                RTC_IRQHandler
                0x08001870                DMA1_Channel7_IRQHandler
                0x08001870                UART5_IRQHandler
                0x08001870                ADC3_IRQHandler
                0x08001870                TIM4_IRQHandler
                0x08001870                CAN_RX1_IRQHandler
                0x08001870                DMA2_Channel1_IRQHandler
                0x08001870                I2C1_EV_IRQHandler
                0x08001870                DMA1_Channel6_IRQHandler
                0x08001870                UART4_IRQHandler
                0x08001870                TIM3_IRQHandler
                0x08001870                RCC_IRQHandler
                0x08001870                TIM1_TRG_COM_IRQHandler
                0x08001870                DMA1_Channel1_IRQHandler
                0x08001870                Default_Handler
                0x08001870                EXTI15_10_IRQHandler
                0x08001870                TIM7_IRQHandler
                0x08001870                TIM5_IRQHandler
                0x08001870                EXTI9_5_IRQHandler
                0x08001870                SPI2_IRQHandler
                0x08001870                USB_LP_CAN_RX0_IRQHandler
                0x08001870                MemManage_Handler
                0x08001870                SVC_Handler
                0x08001870                DMA1_Channel5_IRQHandler
                0x08001870                EXTI4_IRQHandler
                0x08001870                DMA1_Channel3_IRQHandler
                0x08001870                FSMC_IRQHandler
                0x08001870                TIM1_UP_IRQHandler
                0x08001870                WWDG_IRQHandler
                0x08001870                TIM1_BRK_IRQHandler
                0x08001870                EXTI1_IRQHandler
                0x08001870                RTCAlarm_IRQHandler
                0x08001870                DMA2_Channel4_5_IRQHandler
                0x08001870                USART2_IRQHandler
                0x08001870                I2C2_ER_IRQHandler
                0x08001870                DMA1_Channel2_IRQHandler
                0x08001870                TIM8_BRK_IRQHandler
                0x08001870                FLASH_IRQHandler
                0x08001870                BusFault_Handler
                0x08001870                USART1_IRQHandler
                0x08001870                SPI3_IRQHandler
                0x08001870                I2C1_ER_IRQHandler
                0x08001870                DMA2_Channel3_IRQHandler
 *fill*         0x08001872        0x2 
 .text.__libc_init_array
                0x08001874       0x48 D:/STM32CubeIDE_1.16.0/STM32CubeIDE/plugins/com.st.stm32cube.ide.mcu.externaltools.gnu-tools-for-stm32.12.3.rel1.win32_1.0.200.202406191623/tools/bin/../lib/gcc/arm-none-eabi/12.3.1/../../../../arm-none-eabi/lib/thumb/v7-m/nofp\libc_nano.a(libc_a-init.o)
                0x08001874                __libc_init_array
 *(.glue_7)
 .glue_7        0x080018bc        0x0 linker stubs
 *(.glue_7t)
 .glue_7t       0x080018bc        0x0 linker stubs
 *(.eh_frame)
 .eh_frame      0x080018bc        0x0 D:/STM32CubeIDE_1.16.0/STM32CubeIDE/plugins/com.st.stm32cube.ide.mcu.externaltools.gnu-tools-for-stm32.12.3.rel1.win32_1.0.200.202406191623/tools/bin/../lib/gcc/arm-none-eabi/12.3.1/thumb/v7-m/nofp/crtbegin.o
 *(.init)
 .init          0x080018bc        0x4 D:/STM32CubeIDE_1.16.0/STM32CubeIDE/plugins/com.st.stm32cube.ide.mcu.externaltools.gnu-tools-for-stm32.12.3.rel1.win32_1.0.200.202406191623/tools/bin/../lib/gcc/arm-none-eabi/12.3.1/thumb/v7-m/nofp/crti.o
                0x080018bc                _init
 .init          0x080018c0        0x8 D:/STM32CubeIDE_1.16.0/STM32CubeIDE/plugins/com.st.stm32cube.ide.mcu.externaltools.gnu-tools-for-stm32.12.3.rel1.win32_1.0.200.202406191623/tools/bin/../lib/gcc/arm-none-eabi/12.3.1/thumb/v7-m/nofp/crtn.o
 *(.fini)
 .fini          0x080018c8        0x4 D:/STM32CubeIDE_1.16.0/STM32CubeIDE/plugins/com.st.stm32cube.ide.mcu.externaltools.gnu-tools-for-stm32.12.3.rel1.win32_1.0.200.202406191623/tools/bin/../lib/gcc/arm-none-eabi/12.3.1/thumb/v7-m/nofp/crti.o
                0x080018c8                _fini
 .fini          0x080018cc        0x8 D:/STM32CubeIDE_1.16.0/STM32CubeIDE/plugins/com.st.stm32cube.ide.mcu.externaltools.gnu-tools-for-stm32.12.3.rel1.win32_1.0.200.202406191623/tools/bin/../lib/gcc/arm-none-eabi/12.3.1/thumb/v7-m/nofp/crtn.o
                0x080018d4                        . = ALIGN (0x4)
                0x080018d4                        _etext = .

.vfp11_veneer   0x080018d4        0x0
 .vfp11_veneer  0x080018d4        0x0 linker stubs

.v4_bx          0x080018d4        0x0
 .v4_bx         0x080018d4        0x0 linker stubs

.iplt           0x080018d4        0x0
 .iplt          0x080018d4        0x0 D:/STM32CubeIDE_1.16.0/STM32CubeIDE/plugins/com.st.stm32cube.ide.mcu.externaltools.gnu-tools-for-stm32.12.3.rel1.win32_1.0.200.202406191623/tools/bin/../lib/gcc/arm-none-eabi/12.3.1/thumb/v7-m/nofp/crtbegin.o

.rodata         0x080018d4      0x21c
                0x080018d4                        . = ALIGN (0x4)
 *(.rodata)
 .rodata        0x080018d4        0xb ./Src/Oled.o
 *fill*         0x080018df        0x1 
 .rodata        0x080018e0       0x30 ./Src/main.o
 *(.rodata*)
 .rodata.ASCII  0x08001910      0x1e0 ./Src/Oled.o
                0x08001af0                        . = ALIGN (0x4)

.ARM.extab      0x08001af0        0x0
                0x08001af0                        . = ALIGN (0x4)
 *(.ARM.extab* .gnu.linkonce.armextab.*)
                0x08001af0                        . = ALIGN (0x4)

.ARM            0x08001af0        0x0
                0x08001af0                        . = ALIGN (0x4)
                0x08001af0                        __exidx_start = .
 *(.ARM.exidx*)
                0x08001af0                        __exidx_end = .
                0x08001af0                        . = ALIGN (0x4)

.preinit_array  0x08001af0        0x0
                0x08001af0                        . = ALIGN (0x4)
                0x08001af0                        PROVIDE (__preinit_array_start = .)
 *(.preinit_array*)
                0x08001af0                        PROVIDE (__preinit_array_end = .)
                0x08001af0                        . = ALIGN (0x4)

.init_array     0x08001af0        0x4
                0x08001af0                        . = ALIGN (0x4)
                0x08001af0                        PROVIDE (__init_array_start = .)
 *(SORT_BY_NAME(.init_array.*))
 *(.init_array*)
 .init_array    0x08001af0        0x4 D:/STM32CubeIDE_1.16.0/STM32CubeIDE/plugins/com.st.stm32cube.ide.mcu.externaltools.gnu-tools-for-stm32.12.3.rel1.win32_1.0.200.202406191623/tools/bin/../lib/gcc/arm-none-eabi/12.3.1/thumb/v7-m/nofp/crtbegin.o
                0x08001af4                        PROVIDE (__init_array_end = .)
                0x08001af4                        . = ALIGN (0x4)

.fini_array     0x08001af4        0x4
                0x08001af4                        . = ALIGN (0x4)
                [!provide]                        PROVIDE (__fini_array_start = .)
 *(SORT_BY_NAME(.fini_array.*))
 *(.fini_array*)
 .fini_array    0x08001af4        0x4 D:/STM32CubeIDE_1.16.0/STM32CubeIDE/plugins/com.st.stm32cube.ide.mcu.externaltools.gnu-tools-for-stm32.12.3.rel1.win32_1.0.200.202406191623/tools/bin/../lib/gcc/arm-none-eabi/12.3.1/thumb/v7-m/nofp/crtbegin.o
                [!provide]                        PROVIDE (__fini_array_end = .)
                0x08001af8                        . = ALIGN (0x4)
                0x08001af8                        _sidata = LOADADDR (.data)

.rel.dyn        0x08001af8        0x0
 .rel.iplt      0x08001af8        0x0 D:/STM32CubeIDE_1.16.0/STM32CubeIDE/plugins/com.st.stm32cube.ide.mcu.externaltools.gnu-tools-for-stm32.12.3.rel1.win32_1.0.200.202406191623/tools/bin/../lib/gcc/arm-none-eabi/12.3.1/thumb/v7-m/nofp/crtbegin.o

.data           0x20000000        0x0 load address 0x08001af8
                0x20000000                        . = ALIGN (0x4)
                0x20000000                        _sdata = .
 *(.data)
 *(.data*)
 *(.RamFunc)
 *(.RamFunc*)
                0x20000000                        . = ALIGN (0x4)
                0x20000000                        _edata = .

.igot.plt       0x20000000        0x0 load address 0x08001af8
 .igot.plt      0x20000000        0x0 D:/STM32CubeIDE_1.16.0/STM32CubeIDE/plugins/com.st.stm32cube.ide.mcu.externaltools.gnu-tools-for-stm32.12.3.rel1.win32_1.0.200.202406191623/tools/bin/../lib/gcc/arm-none-eabi/12.3.1/thumb/v7-m/nofp/crtbegin.o
                0x20000000                        . = ALIGN (0x4)

.bss            0x20000000       0x28 load address 0x08001af8
                0x20000000                        _sbss = .
                0x20000000                        __bss_start__ = _sbss
 *(.bss)
 .bss           0x20000000       0x1c D:/STM32CubeIDE_1.16.0/STM32CubeIDE/plugins/com.st.stm32cube.ide.mcu.externaltools.gnu-tools-for-stm32.12.3.rel1.win32_1.0.200.202406191623/tools/bin/../lib/gcc/arm-none-eabi/12.3.1/thumb/v7-m/nofp/crtbegin.o
 *(.bss*)
 .bss.value     0x2000001c        0x4 ./Src/main.o
 .bss.prev_value
                0x20000020        0x4 ./Src/main.o
 .bss.update_flag
                0x20000024        0x1 ./Src/main.o
 *(COMMON)
                0x20000028                        . = ALIGN (0x4)
 *fill*         0x20000025        0x3 
                0x20000028                        _ebss = .
                0x20000028                        __bss_end__ = _ebss

._user_heap_stack
                0x20000028      0x600 load address 0x08001af8
                0x20000028                        . = ALIGN (0x8)
                0x20000028                        PROVIDE (end = .)
                [!provide]                        PROVIDE (_end = .)
                0x20000228                        . = (. + _Min_Heap_Size)
 *fill*         0x20000028      0x200 
                0x20000628                        . = (. + _Min_Stack_Size)
 *fill*         0x20000228      0x400 
                0x20000628                        . = ALIGN (0x8)

/DISCARD/
 libc.a(*)
 libm.a(*)
 libgcc.a(*)

.ARM.attributes
                0x00000000       0x29
 *(.ARM.attributes)
 .ARM.attributes
                0x00000000       0x1d D:/STM32CubeIDE_1.16.0/STM32CubeIDE/plugins/com.st.stm32cube.ide.mcu.externaltools.gnu-tools-for-stm32.12.3.rel1.win32_1.0.200.202406191623/tools/bin/../lib/gcc/arm-none-eabi/12.3.1/thumb/v7-m/nofp/crti.o
 .ARM.attributes
                0x0000001d       0x2d D:/STM32CubeIDE_1.16.0/STM32CubeIDE/plugins/com.st.stm32cube.ide.mcu.externaltools.gnu-tools-for-stm32.12.3.rel1.win32_1.0.200.202406191623/tools/bin/../lib/gcc/arm-none-eabi/12.3.1/thumb/v7-m/nofp/crtbegin.o
 .ARM.attributes
                0x0000004a       0x2d ./Src/ADC.o
 .ARM.attributes
                0x00000077       0x2d ./Src/I2C.o
 .ARM.attributes
                0x000000a4       0x2d ./Src/NVIC.o
 .ARM.attributes
                0x000000d1       0x2d ./Src/Oled.o
 .ARM.attributes
                0x000000fe       0x2d ./Src/gpio.o
 .ARM.attributes
                0x0000012b       0x2d ./Src/main.o
 .ARM.attributes
                0x00000158       0x2d ./Src/timer.o
 .ARM.attributes
                0x00000185       0x21 ./Startup/startup_stm32f103c8tx.o
 .ARM.attributes
                0x000001a6       0x2d D:/STM32CubeIDE_1.16.0/STM32CubeIDE/plugins/com.st.stm32cube.ide.mcu.externaltools.gnu-tools-for-stm32.12.3.rel1.win32_1.0.200.202406191623/tools/bin/../lib/gcc/arm-none-eabi/12.3.1/../../../../arm-none-eabi/lib/thumb/v7-m/nofp\libc_nano.a(libc_a-init.o)
 .ARM.attributes
                0x000001d3       0x1d D:/STM32CubeIDE_1.16.0/STM32CubeIDE/plugins/com.st.stm32cube.ide.mcu.externaltools.gnu-tools-for-stm32.12.3.rel1.win32_1.0.200.202406191623/tools/bin/../lib/gcc/arm-none-eabi/12.3.1/thumb/v7-m/nofp\libgcc.a(_arm_addsubdf3.o)
 .ARM.attributes
                0x000001f0       0x1d D:/STM32CubeIDE_1.16.0/STM32CubeIDE/plugins/com.st.stm32cube.ide.mcu.externaltools.gnu-tools-for-stm32.12.3.rel1.win32_1.0.200.202406191623/tools/bin/../lib/gcc/arm-none-eabi/12.3.1/thumb/v7-m/nofp\libgcc.a(_arm_muldivdf3.o)
 .ARM.attributes
                0x0000020d       0x1d D:/STM32CubeIDE_1.16.0/STM32CubeIDE/plugins/com.st.stm32cube.ide.mcu.externaltools.gnu-tools-for-stm32.12.3.rel1.win32_1.0.200.202406191623/tools/bin/../lib/gcc/arm-none-eabi/12.3.1/thumb/v7-m/nofp\libgcc.a(_arm_fixdfsi.o)
 .ARM.attributes
                0x0000022a       0x1d D:/STM32CubeIDE_1.16.0/STM32CubeIDE/plugins/com.st.stm32cube.ide.mcu.externaltools.gnu-tools-for-stm32.12.3.rel1.win32_1.0.200.202406191623/tools/bin/../lib/gcc/arm-none-eabi/12.3.1/thumb/v7-m/nofp\libgcc.a(_arm_fixunsdfsi.o)
 .ARM.attributes
                0x00000247       0x1d D:/STM32CubeIDE_1.16.0/STM32CubeIDE/plugins/com.st.stm32cube.ide.mcu.externaltools.gnu-tools-for-stm32.12.3.rel1.win32_1.0.200.202406191623/tools/bin/../lib/gcc/arm-none-eabi/12.3.1/thumb/v7-m/nofp/crtn.o
OUTPUT(CE224.elf elf32-littlearm)
LOAD linker stubs
LOAD D:/STM32CubeIDE_1.16.0/STM32CubeIDE/plugins/com.st.stm32cube.ide.mcu.externaltools.gnu-tools-for-stm32.12.3.rel1.win32_1.0.200.202406191623/tools/bin/../lib/gcc/arm-none-eabi/12.3.1/../../../../arm-none-eabi/lib/thumb/v7-m/nofp\libc.a
LOAD D:/STM32CubeIDE_1.16.0/STM32CubeIDE/plugins/com.st.stm32cube.ide.mcu.externaltools.gnu-tools-for-stm32.12.3.rel1.win32_1.0.200.202406191623/tools/bin/../lib/gcc/arm-none-eabi/12.3.1/../../../../arm-none-eabi/lib/thumb/v7-m/nofp\libm.a
LOAD D:/STM32CubeIDE_1.16.0/STM32CubeIDE/plugins/com.st.stm32cube.ide.mcu.externaltools.gnu-tools-for-stm32.12.3.rel1.win32_1.0.200.202406191623/tools/bin/../lib/gcc/arm-none-eabi/12.3.1/thumb/v7-m/nofp\libgcc.a

.debug_info     0x00000000     0x1ed2
 .debug_info    0x00000000      0x316 ./Src/ADC.o
 .debug_info    0x00000316      0x3f0 ./Src/I2C.o
 .debug_info    0x00000706      0x381 ./Src/NVIC.o
 .debug_info    0x00000a87      0x580 ./Src/Oled.o
 .debug_info    0x00001007      0x36e ./Src/gpio.o
 .debug_info    0x00001375      0x681 ./Src/main.o
 .debug_info    0x000019f6      0x4ac ./Src/timer.o
 .debug_info    0x00001ea2       0x30 ./Startup/startup_stm32f103c8tx.o

.debug_abbrev   0x00000000      0x8c5
 .debug_abbrev  0x00000000      0x117 ./Src/ADC.o
 .debug_abbrev  0x00000117      0x133 ./Src/I2C.o
 .debug_abbrev  0x0000024a      0x10c ./Src/NVIC.o
 .debug_abbrev  0x00000356      0x14d ./Src/Oled.o
 .debug_abbrev  0x000004a3      0x133 ./Src/gpio.o
 .debug_abbrev  0x000005d6      0x1a7 ./Src/main.o
 .debug_abbrev  0x0000077d      0x124 ./Src/timer.o
 .debug_abbrev  0x000008a1       0x24 ./Startup/startup_stm32f103c8tx.o

.debug_aranges  0x00000000      0x210
 .debug_aranges
                0x00000000       0x38 ./Src/ADC.o
 .debug_aranges
                0x00000038       0x48 ./Src/I2C.o
 .debug_aranges
                0x00000080       0x28 ./Src/NVIC.o
 .debug_aranges
                0x000000a8       0x70 ./Src/Oled.o
 .debug_aranges
                0x00000118       0x40 ./Src/gpio.o
 .debug_aranges
                0x00000158       0x48 ./Src/main.o
 .debug_aranges
                0x000001a0       0x48 ./Src/timer.o
 .debug_aranges
                0x000001e8       0x28 ./Startup/startup_stm32f103c8tx.o

.debug_rnglists
                0x00000000      0x173
 .debug_rnglists
                0x00000000       0x27 ./Src/ADC.o
 .debug_rnglists
                0x00000027       0x34 ./Src/I2C.o
 .debug_rnglists
                0x0000005b       0x19 ./Src/NVIC.o
 .debug_rnglists
                0x00000074       0x53 ./Src/Oled.o
 .debug_rnglists
                0x000000c7       0x2d ./Src/gpio.o
 .debug_rnglists
                0x000000f4       0x35 ./Src/main.o
 .debug_rnglists
                0x00000129       0x31 ./Src/timer.o
 .debug_rnglists
                0x0000015a       0x19 ./Startup/startup_stm32f103c8tx.o

.debug_macro    0x00000000     0x15ea
 .debug_macro   0x00000000       0x93 ./Src/ADC.o
 .debug_macro   0x00000093      0xaae ./Src/ADC.o
 .debug_macro   0x00000b41       0x22 ./Src/ADC.o
 .debug_macro   0x00000b63       0x8e ./Src/ADC.o
 .debug_macro   0x00000bf1       0x51 ./Src/ADC.o
 .debug_macro   0x00000c42      0x103 ./Src/ADC.o
 .debug_macro   0x00000d45       0x6a ./Src/ADC.o
 .debug_macro   0x00000daf      0x1df ./Src/ADC.o
 .debug_macro   0x00000f8e       0x1c ./Src/ADC.o
 .debug_macro   0x00000faa       0xa0 ./Src/ADC.o
 .debug_macro   0x0000104a       0xaa ./Src/I2C.o
 .debug_macro   0x000010f4       0x1c ./Src/I2C.o
 .debug_macro   0x00001110      0x106 ./Src/I2C.o
 .debug_macro   0x00001216       0x16 ./Src/I2C.o
 .debug_macro   0x0000122c       0x72 ./Src/NVIC.o
 .debug_macro   0x0000129e       0x1c ./Src/NVIC.o
 .debug_macro   0x000012ba       0x9c ./Src/Oled.o
 .debug_macro   0x00001356       0x98 ./Src/gpio.o
 .debug_macro   0x000013ee      0x103 ./Src/main.o
 .debug_macro   0x000014f1       0x4c ./Src/main.o
 .debug_macro   0x0000153d       0xad ./Src/timer.o

.debug_line     0x00000000     0x27a4
 .debug_line    0x00000000      0x56e ./Src/ADC.o
 .debug_line    0x0000056e      0x61e ./Src/I2C.o
 .debug_line    0x00000b8c      0x447 ./Src/NVIC.o
 .debug_line    0x00000fd3      0x716 ./Src/Oled.o
 .debug_line    0x000016e9      0x56b ./Src/gpio.o
 .debug_line    0x00001c54      0x5ab ./Src/main.o
 .debug_line    0x000021ff      0x52a ./Src/timer.o
 .debug_line    0x00002729       0x7b ./Startup/startup_stm32f103c8tx.o

.debug_str      0x00000000     0x5102
 .debug_str     0x00000000     0x40a3 ./Src/ADC.o
                               0x420d (size before relaxing)
 .debug_str     0x000040a3      0x5a9 ./Src/I2C.o
                               0x46a4 (size before relaxing)
 .debug_str     0x0000464c      0x401 ./Src/NVIC.o
                               0x40e5 (size before relaxing)
 .debug_str     0x00004a4d      0x126 ./Src/Oled.o
                               0x431d (size before relaxing)
 .debug_str     0x00004b73       0xc6 ./Src/gpio.o
                               0x463b (size before relaxing)
 .debug_str     0x00004c39      0x43c ./Src/main.o
                               0x4b48 (size before relaxing)
 .debug_str     0x00005075       0x4e ./Src/timer.o
                               0x47a2 (size before relaxing)
 .debug_str     0x000050c3       0x3f ./Startup/startup_stm32f103c8tx.o
                                 0x7b (size before relaxing)

.comment        0x00000000       0x43
 .comment       0x00000000       0x43 ./Src/ADC.o
                                 0x44 (size before relaxing)
 .comment       0x00000043       0x44 ./Src/I2C.o
 .comment       0x00000043       0x44 ./Src/NVIC.o
 .comment       0x00000043       0x44 ./Src/Oled.o
 .comment       0x00000043       0x44 ./Src/gpio.o
 .comment       0x00000043       0x44 ./Src/main.o
 .comment       0x00000043       0x44 ./Src/timer.o

.debug_frame    0x00000000      0x7c4
 .debug_frame   0x00000000       0xa4 ./Src/ADC.o
 .debug_frame   0x000000a4       0xf8 ./Src/I2C.o
 .debug_frame   0x0000019c       0x60 ./Src/NVIC.o
 .debug_frame   0x000001fc      0x1a4 ./Src/Oled.o
 .debug_frame   0x000003a0       0xd4 ./Src/gpio.o
 .debug_frame   0x00000474       0xe8 ./Src/main.o
 .debug_frame   0x0000055c       0xf8 ./Src/timer.o
 .debug_frame   0x00000654       0x2c D:/STM32CubeIDE_1.16.0/STM32CubeIDE/plugins/com.st.stm32cube.ide.mcu.externaltools.gnu-tools-for-stm32.12.3.rel1.win32_1.0.200.202406191623/tools/bin/../lib/gcc/arm-none-eabi/12.3.1/../../../../arm-none-eabi/lib/thumb/v7-m/nofp\libc_nano.a(libc_a-init.o)
 .debug_frame   0x00000680       0xac D:/STM32CubeIDE_1.16.0/STM32CubeIDE/plugins/com.st.stm32cube.ide.mcu.externaltools.gnu-tools-for-stm32.12.3.rel1.win32_1.0.200.202406191623/tools/bin/../lib/gcc/arm-none-eabi/12.3.1/thumb/v7-m/nofp\libgcc.a(_arm_addsubdf3.o)
 .debug_frame   0x0000072c       0x50 D:/STM32CubeIDE_1.16.0/STM32CubeIDE/plugins/com.st.stm32cube.ide.mcu.externaltools.gnu-tools-for-stm32.12.3.rel1.win32_1.0.200.202406191623/tools/bin/../lib/gcc/arm-none-eabi/12.3.1/thumb/v7-m/nofp\libgcc.a(_arm_muldivdf3.o)
 .debug_frame   0x0000077c       0x24 D:/STM32CubeIDE_1.16.0/STM32CubeIDE/plugins/com.st.stm32cube.ide.mcu.externaltools.gnu-tools-for-stm32.12.3.rel1.win32_1.0.200.202406191623/tools/bin/../lib/gcc/arm-none-eabi/12.3.1/thumb/v7-m/nofp\libgcc.a(_arm_fixdfsi.o)
 .debug_frame   0x000007a0       0x24 D:/STM32CubeIDE_1.16.0/STM32CubeIDE/plugins/com.st.stm32cube.ide.mcu.externaltools.gnu-tools-for-stm32.12.3.rel1.win32_1.0.200.202406191623/tools/bin/../lib/gcc/arm-none-eabi/12.3.1/thumb/v7-m/nofp\libgcc.a(_arm_fixunsdfsi.o)

.debug_line_str
                0x00000000       0x5f
 .debug_line_str
                0x00000000       0x5f ./Startup/startup_stm32f103c8tx.o
